---
source: notify/src/event.rs
expression: json
---
{"type":"any","paths":[],"attrs":{}}
