---
source: notify/src/event.rs
expression: json
---
{"type":"other","paths":[],"attrs":{}}
