---
source: notify/src/event.rs
expression: json
---
{"type":"modify","kind":"metadata","mode":"other","paths":[],"attrs":{}}
