---
source: notify/src/event.rs
assertion_line: 694
expression: json
---
{"type":"any","paths":[],"attrs":{"tracker":123,"flag":"rescan","info":"test event"}}
