---
source: notify/src/event.rs
expression: json
---
{"type":"access","kind":"any","paths":[],"attrs":{}}
