---
source: notify/src/event.rs
expression: json
---
{"type":"modify","kind":"any","paths":[],"attrs":{}}
