---
source: notify/src/event.rs
expression: json
---
{"type":"modify","kind":"data","mode":"size","paths":[],"attrs":{}}
