---
source: notify/src/event.rs
expression: json
---
{"type":"remove","kind":"other","paths":[],"attrs":{}}
