---
source: notify/src/event.rs
expression: json
---
{"type":"modify","kind":"other","paths":[],"attrs":{}}
