---
source: notify/src/event.rs
expression: json
---
{"type":"create","kind":"other","paths":[],"attrs":{}}
