---
source: notify/src/event.rs
expression: json
---
{"type":"remove","kind":"file","paths":[],"attrs":{}}
