---
source: notify/src/event.rs
expression: json
---
{"type":"modify","kind":"rename","mode":"other","paths":[],"attrs":{}}
