---
source: notify/src/event.rs
expression: json
---
{"type":"modify","kind":"data","mode":"any","paths":[],"attrs":{}}
