---
source: notify/src/event.rs
expression: json
---
{"type":"create","kind":"any","paths":[],"attrs":{}}
