---
source: notify/src/event.rs
expression: json
---
{"type":"create","kind":"folder","paths":[],"attrs":{}}
