---
source: notify/src/event.rs
expression: json
---
{"type":"access","kind":"open","mode":"execute","paths":[],"attrs":{}}
