---
source: notify/src/event.rs
expression: json
---
{"type":"modify","kind":"metadata","mode":"access-time","paths":[],"attrs":{}}
