---
source: notify/src/event.rs
expression: json
---
{"type":"remove","kind":"any","paths":[],"attrs":{}}
