---
source: notify/src/event.rs
expression: json
---
{"type":"access","kind":"other","paths":[],"attrs":{}}
