---
source: notify/src/event.rs
expression: json
---
{"type":"create","kind":"file","paths":[],"attrs":{}}
