---
source: notify/src/event.rs
expression: json
---
{"type":"remove","kind":"folder","paths":[],"attrs":{}}
